// Jest Snapshot v1, https://goo.gl/fbAQLP

exports[`renders correctly 1`] = `
Object {
  "Constructor": "App",
  "Options": Object {
    "ID": "widget",
    "containerSelector": "body",
    "types": Array [],
  },
  "html": "
<header>
  <a href=\\"/\\" class=\\"logo\\">Simple CI
    <!--default-->
  </a>
</header>
<!--Header-->
<main></main>
<footer> Sham 2018 </footer>
<!--Footer-->
",
}
`;
