// Jest Snapshot v1, https://goo.gl/fbAQLP

exports[`renders correctly 1`] = `
Object {
  "Constructor": "BreadCrumb",
  "Options": Object {
    "ID": "widget",
    "chain": null,
    "containerSelector": "body",
    "currentPage": "",
    "project": null,
    "types": Array [],
  },
  "html": "
<ul class=\\"breadcrumb\\">
  <li>
    <a href=\\"/\\" class=\\"\\">Projects
      <!--default-->
    </a>
  </li>
  <!--if-->
  <!--if-->
  <li></li>
</ul>
",
}
`;
