// Jest Snapshot v1, https://goo.gl/fbAQLP

exports[`go to create page 1`] = `
Object {
  "ID": "widget",
  "constructorOptions": Object {
    "directives": Object {
      "onclick": [Function],
      "onsubmit": [Function],
    },
  },
  "html": "<div class=\\"project-list\\"><!--for--><a class=\\"project-card project-card-create\\" href=\\"/\\"><div class=\\"create-icon\\"></div></a></div>",
  "nodes": Array [
    Object {
      "ID": undefined,
      "constructorOptions": null,
      "html": null,
      "nodes": null,
      "options": null,
    },
  ],
  "options": Object {
    "actionSequence": Array [
      "render",
      "bindEvents",
    ],
    "createProjectURL": "/",
    "directives": Object {
      "onclick": [Function],
      "onsubmit": [Function],
    },
    "renderAsync": false,
    "renderDependence": Array [],
    "types": Array [],
  },
}
`;

exports[`renders correctly 1`] = `
Object {
  "ID": "widget",
  "constructorOptions": Object {
    "directives": Object {
      "onclick": [Function],
      "onsubmit": [Function],
    },
  },
  "html": "<div class=\\"project-list\\"><!--for--><a class=\\"project-card project-card-create\\" href=\\"/\\"><div class=\\"create-icon\\"></div></a></div>",
  "nodes": Array [
    Object {
      "ID": undefined,
      "constructorOptions": null,
      "html": null,
      "nodes": null,
      "options": null,
    },
  ],
  "options": Object {
    "actionSequence": Array [
      "render",
      "bindEvents",
    ],
    "createProjectURL": "/",
    "directives": Object {
      "onclick": [Function],
      "onsubmit": [Function],
    },
    "renderAsync": false,
    "renderDependence": Array [],
    "types": Array [],
  },
}
`;
