// Jest Snapshot v1, https://goo.gl/fbAQLP

exports[`renders correctly 1`] = `
Object {
  "Options": Object {
    "ID": "component",
    "chain": Object {},
    "directives": Object {
      "EventListener": [Function],
      "disabled": [Function],
      "hrefto": [Function],
      "onclick": [Function],
      "oninput": [Function],
      "onload": [Function],
      "onresize": [Function],
      "onscroll": [Function],
      "onselect": [Function],
      "onsubmit": [Function],
      "ref": [Function],
    },
    "project": Object {
      "chains": Array [],
    },
  },
  "html": "
<button class=\\"project-chain\\">null</button>
<!--0-->
",
}
`;
