// Jest Snapshot v1, https://goo.gl/fbAQLP

exports[`renders correctly 1`] = `
Object {
  "Options": Object {
    "ID": "component",
    "directives": Object {
      "EventListener": [Function],
      "UpdateOnEvent": [Function],
      "disabled": [Function],
      "hrefto": [Function],
      "onChangeUpdate": [Function],
      "onInputUpdate": [Function],
      "onclick": [Function],
      "oninput": [Function],
      "onload": [Function],
      "onresize": [Function],
      "onscroll": [Function],
      "onselect": [Function],
      "onsubmit": [Function],
      "ref": [Function],
    },
    "project": Object {
      "chains": Array [],
    },
  },
  "html": "
<div class=\\"project-info\\">
  <h3>null</h3>
  <dl>
    <dt>null</dt>
    <dd>Current work directory.</dd>
    <dd>This directory will be used when running tasks.</dd>
    <dt>
      <a href=\\"/\\"> Edit </a>
    </dt>
    <dd>Edit project name &amp; cwd</dd>
    <dt>
      <a class=\\"project-delete-link\\" href=\\"/\\"> Delete </a>
    </dt>
    <dd>Delete project</dd>
  </dl>
</div>
<div class=\\"project-chains\\">
  <h3>Chains</h3>
  <!--0-->
  <a class=\\"project-chain project-chain-create\\" href=\\"/\\">
    <div class=\\"create-icon\\"></div>
  </a>
</div>
",
}
`;
