// Jest Snapshot v1, https://goo.gl/fbAQLP

exports[`render errors 1`] = `
Object {
  "Options": Object {
    "dataLoaded": false,
    "errors": Array [],
    "project": Object {},
  },
  "html": "
 <ul class=\\"breadcrumb\\">
   <li>
     <a href=\\"/\\"> Projects </a>
   </li>
   <!--0-->
   <li></li>
 </ul>
 <!--0-->
 <!--0-->
 <!--0-->
 <!--0-->
 <!--1-->
 <!--0-->
",
}
`;

exports[`renders correctly 1`] = `
Object {
  "Options": Object {
    "dataLoaded": false,
    "errors": Array [],
    "project": Object {},
  },
  "html": "
 <ul class=\\"breadcrumb\\">
   <li>
     <a href=\\"/\\"> Projects </a>
   </li>
   <!--0-->
   <li></li>
 </ul>
 <!--0-->
 <!--0-->
 <!--0-->
 <!--0-->
 <!--1-->
 <!--0-->
",
}
`;
