// Jest Snapshot v1, https://goo.gl/fbAQLP

exports[`project-detail page 1`] = `
"<header>
  <a href=\\"\\" class=\\"logo\\">Simple CI</a>
</header>
<!--Header-->
<main>
  <div class=\\"page-data-loading\\">
    <div class=\\"sk-cube-grid\\">
      <div class=\\"sk-cube sk-cube1\\"></div>
      <div class=\\"sk-cube sk-cube2\\"></div>
      <div class=\\"sk-cube sk-cube3\\"></div>
      <div class=\\"sk-cube sk-cube4\\"></div>
      <div class=\\"sk-cube sk-cube5\\"></div>
      <div class=\\"sk-cube sk-cube6\\"></div>
      <div class=\\"sk-cube sk-cube7\\"></div>
      <div class=\\"sk-cube sk-cube8\\"></div>
      <div class=\\"sk-cube sk-cube9\\"></div>
    </div>
  </div>
  <!--PageDataLoading-->
  <!--if-->
</main>
<footer> Sham 2018 </footer>
<!--Footer-->"
`;

exports[`project-detail page 2`] = `
"<header>
  <a href=\\"\\" class=\\"logo\\">Simple CI</a>
</header>
<!--Header-->
<main>
  <!--if-->
  <!--ErrorsPanel-->
  <div class=\\"project-info\\">
    <h3>Test</h3>
    <dl>
      <dt>/tmp/</dt>
      <dd>Current work directory.</dd>
      <dd>This directory will be used when running tasks.</dd>
      <dt>
        <a href=\\"projects/1/edit\\" class=\\"\\">Edit</a>
      </dt>
      <dd>Edit project name &amp; cwd</dd>
    </dl>
  </div>
  <!--Info-->
  <!--if-->
</main>
<footer> Sham 2018 </footer>
<!--Footer-->"
`;
