// Jest Snapshot v1, https://goo.gl/fbAQLP

exports[`renders correctly 1`] = `
Object {
  "ID": "widget",
  "constructorOptions": Object {},
  "html": "
<div class=\\"project-info\\">
  <h3>null</h3>
  <dl>
    <dt>null</dt>
    <dd>Current work directory.</dd>
    <dd>This directory will be used when running tasks.</dd>
    <dt>
      <a href=\\"/\\" class=\\"\\">Edit</a>
    </dt>
    <dd>Edit project name &amp; cwd</dd>
    <dt>
      <a href=\\"undefined\\" class=\\"project-delete-link\\">Delete</a>
    </dt>
    <dd>Delete project</dd>
  </dl>
</div>
<div class=\\"project-chains\\">
  <h3>Chains</h3>
  <!--for-->
</div>
",
  "nodes": Array [
    Object {
      "ID": undefined,
      "constructorOptions": null,
      "html": null,
      "nodes": null,
      "options": null,
    },
    Object {
      "ID": undefined,
      "constructorOptions": null,
      "html": null,
      "nodes": null,
      "options": null,
    },
  ],
  "options": Object {
    "actionSequence": Array [
      "render",
      "bindEvents",
    ],
    "project": Object {
      "chains": Array [],
    },
    "renderAsync": false,
    "renderDependence": Array [],
    "types": Array [],
  },
}
`;
