// Jest Snapshot v1, https://goo.gl/fbAQLP

exports[`renders correctly 1`] = `
Object {
  "ID": "widget",
  "constructorOptions": Object {},
  "html": "
<div class=\\"project-info\\">
  <h3></h3>
  <dl>
    <dt></dt>
    <dd>Current work directory.</dd>
    <dd>This directory will be used when running tasks.</dd>
  </dl>
</div>
",
  "nodes": Array [
    Object {
      "ID": undefined,
      "constructorOptions": null,
      "html": null,
      "nodes": null,
      "options": null,
    },
  ],
  "options": Object {
    "actionSequence": Array [
      "render",
      "bindEvents",
    ],
    "renderAsync": false,
    "renderDependence": Array [],
    "types": Array [],
  },
}
`;
