// Jest Snapshot v1, https://goo.gl/fbAQLP

exports[`renders correctly 1`] = `
Object {
  "Constructor": "Info",
  "Options": Object {
    "ID": "widget",
    "containerSelector": "body",
    "directives": Object {
      "EventListener": [Function],
      "disabled": [Function],
      "onclick": [Function],
      "oninput": [Function],
      "onload": [Function],
      "onresize": [Function],
      "onscroll": [Function],
      "onselect": [Function],
      "onsubmit": [Function],
      "ref": [Function],
    },
    "project": Object {
      "chains": Array [],
    },
    "types": Array [],
  },
  "html": "
<div class=\\"project-info\\">
  <h3>null</h3>
  <dl>
    <dt>null</dt>
    <dd>Current work directory.</dd>
    <dd>This directory will be used when running tasks.</dd>
    <dt>
      <a href=\\"/\\" class=\\"\\">Edit
        <!--default-->
      </a>
    </dt>
    <dd>Edit project name &amp; cwd</dd>
    <dt>
      <a href=\\"/\\" class=\\"project-delete-link\\">Delete
        <!--default-->
      </a>
    </dt>
    <dd>Delete project</dd>
  </dl>
</div>
<div class=\\"project-chains\\">
  <h3>Chains</h3>
  <!--for-->
  <a href=\\"/\\" class=\\"project-chain project-chain-create\\">
    <div class=\\"create-icon\\"></div>
    <!--default-->
  </a>
  <!--LinkTo-->
</div>
",
}
`;
