// Jest Snapshot v1, https://goo.gl/fbAQLP

exports[`render errors 1`] = `
Object {
  "Constructor": "ProjectDetailPage",
  "Options": Object {
    "ID": "widget",
    "containerSelector": "body",
    "dataLoaded": false,
    "directives": Object {
      "EventListener": [Function],
      "disabled": [Function],
      "onclick": [Function],
      "oninput": [Function],
      "onload": [Function],
      "onresize": [Function],
      "onscroll": [Function],
      "onselect": [Function],
      "onsubmit": [Function],
      "ref": [Function],
    },
    "errors": Array [],
    "project": Object {},
    "types": Array [],
  },
  "html": "
<ul class=\\"breadcrumb\\">
  <li>
    <a href=\\"/\\" class=\\"\\">Projects
      <!--default-->
    </a>
  </li>
  <!--if-->
  <!--if-->
  <li></li>
</ul>
<!--BreadCrumb-->
<!--breadcrumbs-->
<!--if-->
<!--FlushPageDataLoading-->
<!--if-->
<!--PageContent-->
",
}
`;

exports[`renders correctly 1`] = `
Object {
  "Constructor": "ProjectDetailPage",
  "Options": Object {
    "ID": "widget",
    "containerSelector": "body",
    "dataLoaded": false,
    "directives": Object {
      "EventListener": [Function],
      "disabled": [Function],
      "onclick": [Function],
      "oninput": [Function],
      "onload": [Function],
      "onresize": [Function],
      "onscroll": [Function],
      "onselect": [Function],
      "onsubmit": [Function],
      "ref": [Function],
    },
    "errors": Array [],
    "project": Object {},
    "types": Array [],
  },
  "html": "
<ul class=\\"breadcrumb\\">
  <li>
    <a href=\\"/\\" class=\\"\\">Projects
      <!--default-->
    </a>
  </li>
  <!--if-->
  <!--if-->
  <li></li>
</ul>
<!--BreadCrumb-->
<!--breadcrumbs-->
<!--if-->
<!--FlushPageDataLoading-->
<!--if-->
<!--PageContent-->
",
}
`;
