// Jest Snapshot v1, https://goo.gl/fbAQLP

exports[`renders correctly 1`] = `
Object {
  "Options": Object {
    "ID": "component",
    "chain": Object {},
    "dataLoaded": false,
    "dataSaving": false,
    "directives": Object {
      "disabled": [Function],
      "hrefto": [Function],
      "onclick": [Function],
      "onsubmit": [Function],
      "ref": [Function],
    },
    "errors": Array [],
    "project": Object {},
    "updateProjectChain": [Function],
  },
  "html": "
 <ul class=\\"breadcrumb\\">
   <li>
     <a href=\\"/\\"> Projects </a>
   </li>
   <!--0-->
   <li></li>
 </ul>
 <!--0-->
 <!--0-->
 <!--0-->
 <!--0-->
 <!--1-->
 <!--0-->
",
}
`;
