// Jest Snapshot v1, https://goo.gl/fbAQLP

exports[`run project chain 1`] = `
"<header>
  <a class=\\"logo\\" href=\\"\\"> Simple CI </a>
</header>
<!--Header-->
<main>
  <ul class=\\"breadcrumb\\">
    <li>
      <a href=\\"\\"> Projects </a>
    </li>
    <li>
      <a href=\\"projects/1\\">Test</a>
    </li>
    <li>
      <a href=\\"projects/1/chains/2\\">Test chain</a>
    </li>
    <!--if-->
    <!--if-->
    <li>Run chain</li>
  </ul>
  <!--BreadCrumb-->
  <!--breadcrumbs-->
  <!--if-->
  <!--ErrorsPanel-->
  <button class=\\"run-project-chain\\"><span>Run</span></button> <pre class=\\"command-output\\"></pre>
  <!--CommandOutput-->
  <!--content-->
  <!--if-->
  <!--PageContent-->
</main>
<footer> Sham 2018
  (v 0.0.5) </footer>
<!--Footer-->"
`;

exports[`run project chain 2`] = `
"<header>
  <a class=\\"logo\\" href=\\"\\"> Simple CI </a>
</header>
<!--Header-->
<main>
  <ul class=\\"breadcrumb\\">
    <li>
      <a href=\\"\\"> Projects </a>
    </li>
    <li>
      <a href=\\"projects/1\\">Test</a>
    </li>
    <li>
      <a href=\\"projects/1/chains/2\\">Test chain</a>
    </li>
    <!--if-->
    <!--if-->
    <li>Run chain</li>
  </ul>
  <!--BreadCrumb-->
  <!--breadcrumbs-->
  <!--if-->
  <!--ErrorsPanel-->
  <button class=\\"run-project-chain\\"><span>Run</span></button> <pre class=\\"command-output\\"></pre>
  <!--CommandOutput-->
  <!--content-->
  <!--if-->
  <!--PageContent-->
</main>
<footer> Sham 2018
  (v 0.0.5) </footer>
<!--Footer-->"
`;
