// Jest Snapshot v1, https://goo.gl/fbAQLP

exports[`run project chain 1`] = `
"<header>
  <a class=\\"logo\\" href=\\"\\"> Simple CI </a>
</header>
<!--0-->
<main>
  <ul class=\\"breadcrumb\\">
    <li>
      <a href=\\"\\"> Projects </a>
    </li>
    <li>
      <a href=\\"projects/1\\">Test</a>
    </li>
    <li>
      <a href=\\"projects/1/chains/2\\">Test chain</a>
    </li>
    <!--0-->
    <!--0-->
    <li>Run chain</li>
  </ul>
  <!--0-->
  <!--0-->
  <!--0-->
  <!--0-->
  <button class=\\"run-project-chain\\"><span>Run</span></button> <pre class=\\"command-output\\"></pre>
  <!--1-->
  <!--0-->
  <!--1-->
  <!--0-->
</main>
<footer> Sham 2018
  (v 0.0.8) </footer>
<!--1-->"
`;

exports[`run project chain 2`] = `
"<header>
  <a class=\\"logo\\" href=\\"\\"> Simple CI </a>
</header>
<!--0-->
<main>
  <ul class=\\"breadcrumb\\">
    <li>
      <a href=\\"\\"> Projects </a>
    </li>
    <li>
      <a href=\\"projects/1\\">Test</a>
    </li>
    <li>
      <a href=\\"projects/1/chains/2\\">Test chain</a>
    </li>
    <!--0-->
    <!--0-->
    <li>Run chain</li>
  </ul>
  <!--0-->
  <!--0-->
  <!--0-->
  <!--0-->
  <button class=\\"run-project-chain\\"><span>Run</span></button> <pre class=\\"command-output\\"></pre>
  <!--1-->
  <!--0-->
  <!--1-->
  <!--0-->
</main>
<footer> Sham 2018
  (v 0.0.8) </footer>
<!--1-->"
`;
