// Jest Snapshot v1, https://goo.gl/fbAQLP

exports[`render errors 1`] = `
Object {
  "Options": Object {
    "dataLoaded": true,
    "errors": Array [],
    "projects": Array [],
  },
  "html": "
<!--0-->
<!--0-->
<!--0-->
<div class=\\"project-list\\">
  <!--0-->
  <a class=\\"project-card project-card-create\\" href=\\"/\\">
    <div class=\\"create-icon\\"></div>
  </a>
</div>
<!--1-->
<!--0-->
<!--1-->
<!--0-->
",
}
`;

exports[`renders correctly 1`] = `
Object {
  "Options": Object {
    "dataLoaded": true,
    "errors": Array [],
    "projects": Array [],
  },
  "html": "
<!--0-->
<!--0-->
<!--0-->
<div class=\\"project-list\\">
  <!--0-->
  <a class=\\"project-card project-card-create\\" href=\\"/\\">
    <div class=\\"create-icon\\"></div>
  </a>
</div>
<!--1-->
<!--0-->
<!--1-->
<!--0-->
",
}
`;
