// Jest Snapshot v1, https://goo.gl/fbAQLP

exports[`render errors 1`] = `
Object {
  "ID": "widget",
  "constructorOptions": Object {
    "directives": Object {
      "EventListener": [Function],
      "disabled": [Function],
      "onclick": [Function],
      "oninput": [Function],
      "onload": [Function],
      "onresize": [Function],
      "onscroll": [Function],
      "onselect": [Function],
      "onsubmit": [Function],
    },
  },
  "html": "
<!--if-->
<!--FlushPageDataLoading-->
<!--if-->
",
  "nodes": Array [
    Object {
      "ID": undefined,
      "constructorOptions": null,
      "html": null,
      "nodes": null,
      "options": null,
    },
  ],
  "options": Object {
    "actionSequence": Array [
      "render",
      "bindEvents",
    ],
    "afterRender": [Function],
    "dataLoaded": false,
    "directives": Object {
      "EventListener": [Function],
      "disabled": [Function],
      "onclick": [Function],
      "oninput": [Function],
      "onload": [Function],
      "onresize": [Function],
      "onscroll": [Function],
      "onselect": [Function],
      "onsubmit": [Function],
    },
    "errors": Array [],
    "projects": Array [],
    "renderAsync": false,
    "renderDependence": Array [],
    "types": Array [],
  },
}
`;

exports[`renders correctly 1`] = `
Object {
  "ID": "widget",
  "constructorOptions": Object {
    "directives": Object {
      "EventListener": [Function],
      "disabled": [Function],
      "onclick": [Function],
      "oninput": [Function],
      "onload": [Function],
      "onresize": [Function],
      "onscroll": [Function],
      "onselect": [Function],
      "onsubmit": [Function],
    },
  },
  "html": "
<!--if-->
<!--FlushPageDataLoading-->
<!--if-->
",
  "nodes": Array [
    Object {
      "ID": undefined,
      "constructorOptions": null,
      "html": null,
      "nodes": null,
      "options": null,
    },
  ],
  "options": Object {
    "actionSequence": Array [
      "render",
      "bindEvents",
    ],
    "afterRender": [Function],
    "dataLoaded": false,
    "directives": Object {
      "EventListener": [Function],
      "disabled": [Function],
      "onclick": [Function],
      "oninput": [Function],
      "onload": [Function],
      "onresize": [Function],
      "onscroll": [Function],
      "onselect": [Function],
      "onsubmit": [Function],
    },
    "errors": Array [],
    "projects": Array [],
    "renderAsync": false,
    "renderDependence": Array [],
    "types": Array [],
  },
}
`;
