// Jest Snapshot v1, https://goo.gl/fbAQLP

exports[`renders correctly 1`] = `
Object {
  "Constructor": "App",
  "Options": Object {
    "ID": "component",
    "directives": Object {
      "hrefto": [Function],
    },
  },
  "html": "
<header>
  <a class=\\"logo\\" href=\\"/\\"> Simple CI </a>
</header>
<!--Header-->
<main></main>
<footer> Sham 2018 </footer>
<!--Footer-->
",
}
`;
