// Jest Snapshot v1, https://goo.gl/fbAQLP

exports[`renders correctly 1`] = `
Object {
  "Constructor": "CodeFlaskComponent",
  "Options": Object {
    "ID": "component",
    "directives": Object {
      "EventListener": [Function],
      "disabled": [Function],
      "onclick": [Function],
      "oninput": [Function],
      "onload": [Function],
      "onresize": [Function],
      "onscroll": [Function],
      "onselect": [Function],
      "onsubmit": [Function],
      "ref": [Function],
    },
    "name": "",
    "value": "",
  },
  "html": "
<textarea wrap=\\"off\\" style=\\"display: none\\" name=\\"\\"></textarea>
<div class=\\"code-flask\\">
  <div class=\\"codeflask codeflask--has-line-numbers\\">
    <textarea class=\\"codeflask__textarea codeflask__flatten\\" spellcheck=\\"false\\" autocapitalize=\\"off\\" autocomplete=\\"off\\" autocorrect=\\"off\\"></textarea><pre class=\\"codeflask__pre codeflask__flatten  language-html\\"><code class=\\"codeflask__code  language-html\\"></code></pre>
    <div class=\\"codeflask__lines\\"><span class=\\"codeflask__lines__line\\">1</span></div>
  </div>
</div>
",
}
`;
