// Jest Snapshot v1, https://goo.gl/fbAQLP

exports[`renders correctly 1`] = `
Object {
  "Options": Object {
    "cwd": "",
    "dataSaving": false,
    "name": "",
    "onSubmit": [Function],
    "saveButtonText": "",
  },
  "html": "
<div class=\\"project-create-form\\">
  <form>
    <div class=\\"group\\">
      <input name=\\"name\\" type=\\"text\\" required=\\"\\"><span class=\\"highlight\\"></span><span class=\\"bar\\"></span>
      <label>Name</label>
    </div>
    <div class=\\"group\\">
      <input name=\\"cwd\\" type=\\"text\\" required=\\"\\"><span class=\\"highlight\\"></span><span class=\\"bar\\"></span>
      <label>Current Work Directory</label>
    </div>
    <div class=\\"group\\">
      <button type=\\"submit\\"><span></span></button>
    </div>
  </form>
</div>
",
}
`;
